[15:47:49] [main/INFO]: Loading Minecraft 1.21.11 with Fabric Loader 0.18.2
[15:47:51] [main/INFO]: Loading 93 mods:
	- fabric-api 0.141.3+1.21.11
	   |-- fabric-api-base 1.0.5+4ebb5c083e
	   |-- fabric-api-lookup-api-v1 1.6.114+20dc27073e
	   |-- fabric-biome-api-v1 17.1.1+4fc5413f3e
	   |-- fabric-block-api-v1 1.1.10+4ebb5c083e
	   |-- fabric-block-view-api-v2 1.0.39+4ebb5c083e
	   |-- fabric-command-api-v2 2.4.7+6b42a6003e
	   |-- fabric-content-registries-v0 10.2.14+4fc5413f3e
	   |-- fabric-convention-tags-v1 2.1.55+7f945d5b3e
	   |-- fabric-convention-tags-v2 2.17.3+8ef948ba3e
	   |-- fabric-crash-report-info-v1 0.3.23+4ebb5c083e
	   |-- fabric-data-attachment-api-v1 1.8.47+eed0806f3e
	   |-- fabric-data-generation-api-v1 23.4.0+69974c4e3e
	   |-- fabric-dimensions-v1 4.0.28+4fc5413f3e
	   |-- fabric-entity-events-v1 3.1.1+1d0ab4303e
	   |-- fabric-events-interaction-v0 4.1.0+3b89ecf63e
	   |-- fabric-game-rule-api-v1 2.0.3+4fc5413f3e
	   |-- fabric-item-api-v1 11.5.20+d0c46b9e3e
	   |-- fabric-item-group-api-v1 4.2.36+4fc5413f3e
	   |-- fabric-key-binding-api-v1 1.1.7+4fc5413f3e
	   |-- fabric-lifecycle-events-v1 2.6.15+4ebb5c083e
	   |-- fabric-loot-api-v2 3.0.73+3f89f5a53e
	   |-- fabric-loot-api-v3 2.0.20+78c8b4663e
	   |-- fabric-message-api-v1 6.1.12+4ebb5c083e
	   |-- fabric-model-loading-api-v1 6.0.15+4fc5413f3e
	   |-- fabric-networking-api-v1 5.1.5+ae1e07683e
	   |-- fabric-object-builder-api-v1 21.1.39+4fc5413f3e
	   |-- fabric-particles-v1 4.2.11+4fc5413f3e
	   |-- fabric-recipe-api-v1 8.2.3+4ebb5c083e
	   |-- fabric-registry-sync-v0 6.2.5+1718722b3e
	   |-- fabric-renderer-api-v1 8.0.3+f4ffd2e53e
	   |-- fabric-renderer-indigo 5.0.3+f4ffd2e53e
	   |-- fabric-rendering-fluids-v1 3.1.43+4ebb5c083e
	   |-- fabric-rendering-v1 16.2.10+0290ad933e
	   |-- fabric-resource-conditions-api-v1 5.0.35+4fc5413f3e
	   |-- fabric-resource-loader-v0 3.3.4+4fc5413f3e
	   |-- fabric-resource-loader-v1 1.0.10+78c8b4663e
	   |-- fabric-screen-api-v1 3.1.7+4ebb5c083e
	   |-- fabric-screen-handler-api-v1 1.3.161+4fc5413f3e
	   |-- fabric-serialization-api-v1 1.0.5+4ebb5c083e
	   |-- fabric-sound-api-v1 1.0.51+4fc5413f3e
	   |-- fabric-tag-api-v1 1.2.20+4fc5413f3e
	   |-- fabric-transfer-api-v1 6.0.25+4fc5413f3e
	   \-- fabric-transitive-access-wideners-v1 7.1.0+014c8cec3e
	- fabricloader 0.18.2
	   \-- mixinextras 0.5.0
	- floodgate 2.2.6-SNAPSHOT
	   |-- aopalliance_aopalliance 1.0
	   |-- cloud 2.0.0-beta.15
	   |    |-- io_leangen_geantyref_geantyref 1.3.15
	   |    |-- org_incendo_cloud-brigadier 2.0.0-beta.14
	   |    |-- org_incendo_cloud-core 2.0.0
	   |    |-- org_incendo_cloud-minecraft-modded-common-fabric-repack 2.0.0-beta.15
	   |    \-- org_incendo_cloud-services 2.0.0
	   |-- com_google_guava_failureaccess 1.0.1
	   |-- fabric-permissions-api-v0 0.6.1
	   |-- jakarta_inject_jakarta_inject-api 2.0.1
	   |-- javax_inject_javax_inject 1
	   |-- org_geysermc_cumulus_cumulus 1.1.2
	   |-- org_geysermc_event_events 1.1-SNAPSHOT
	   |-- org_geysermc_geyser_common_unshaded 2.2.1-SNAPSHOT
	   |-- org_java-websocket_java-websocket 1.5.2
	   \-- org_lanternpowered_lmbda 2.0.0
	- geyser-fabric 2.9.5-SNAPSHOT
	   |-- cloud 2.0.0-beta.15
	   |    |-- io_leangen_geantyref_geantyref 1.3.15
	   |    |-- org_incendo_cloud-brigadier 2.0.0-beta.14
	   |    |-- org_incendo_cloud-core 2.0.0
	   |    |-- org_incendo_cloud-minecraft-modded-common-fabric-repack 2.0.0-beta.15
	   |    \-- org_incendo_cloud-services 2.0.0
	   |-- com_google_code_findbugs_jsr305 3.0.2
	   |-- com_google_errorprone_error_prone_annotations 2.27.0
	   |-- com_google_j2objc_j2objc-annotations 1.3
	   |-- com_nukkitx_natives 1.0.3
	   |-- fabric-permissions-api-v0 0.6.1
	   |-- io_airlift_aircompressor 0.27
	   |-- io_netty_netty-codec-haproxy 4.2.7
	   |-- net_jodah_expiringmap 0.5.10
	   |-- net_kyori_adventure-api 4.25.0
	   |-- net_kyori_adventure-key 4.25.0
	   |-- net_kyori_adventure-nbt 4.25.0
	   |-- net_kyori_adventure-text-serializer-commons 4.25.0
	   |-- net_kyori_adventure-text-serializer-gson 4.25.0
	   |-- net_kyori_adventure-text-serializer-json 4.25.0
	   |-- net_kyori_adventure-text-serializer-json-legacy-impl 4.25.0
	   |-- net_kyori_adventure-text-serializer-legacy 4.25.0
	   |-- net_kyori_adventure-text-serializer-plain 4.25.0
	   |-- net_kyori_examination-api 1.3.0
	   |-- net_kyori_examination-string 1.3.0
	   |-- net_kyori_option 1.1.0
	   |-- net_lenni0451_commons_gson 1.9.0
	   |-- net_lenni0451_commons_httpclient 1.9.0
	   |-- net_raphimc_minecraftauth 5.0.0
	   |-- org_bitbucket_b_c_jose4j 0.9.6
	   |-- org_bstats_bstats-base 3.1.0
	   |-- org_cloudburstmc_math_api 2.0
	   |-- org_cloudburstmc_math_immutable 2.0
	   |-- org_cloudburstmc_nbt 3.0.4
	   |-- org_geysermc_api_base-api 1.0.2
	   |-- org_geysermc_cumulus_cumulus 1.1.2
	   |-- org_geysermc_event_events 1.1-SNAPSHOT
	   |-- org_jetbrains_annotations 24.0.0
	   |-- org_lanternpowered_lmbda 2.0.0
	   \-- org_yaml_snakeyaml 2.2
	- java 21
	- minecraft 1.21.11
	- viabackwards 5.8.1
	- viafabric 0.4.21+150-1.14-1.21
	   |-- cotton-client-commands 1.1.0+1.15.2
	   \-- viafabric-mc12111 0.4.21+150-1.14-1.21
	- viaversion 5.8.1
[15:47:51] [main/INFO]: SpongePowered MIXIN Subsystem Version=0.8.7 Source=file:/workspaces/tralalerotralareth/servidor_minecraft/libraries/net/fabricmc/sponge-mixin/0.16.5+mixin.0.8.7/sponge-mixin-0.16.5+mixin.0.8.7.jar Service=Knot/Fabric Env=SERVER
[15:47:52] [main/INFO]: Compatibility level set to JAVA_21
[15:47:54] [main/INFO]: Initializing MixinExtras via com.llamalad7.mixinextras.service.MixinExtrasServiceImpl(version=0.5.0).
[15:48:07] [main/WARN]: en_ is not a supported Floodgate language.
[15:48:09] [main/INFO]: Loading extensions...
[15:48:09] [main/INFO]: Loaded 0 extension(s)
[15:48:11] [Via-Mappingloader-1/INFO]: Loading block connection mappings ...
[15:48:11] [Via-Mappingloader-1/INFO]: Using FastUtil Long2ObjectOpenHashMap for block connections
[15:48:11] [main/INFO]: Loading translations...
[15:48:11] [main/INFO]: Registering protocols...
[15:48:12] [main/INFO]: ViaVersion detected server version: 1.21.11 (774)
[15:48:12] [ViaFabric-2/INFO]: Finished mapping loading, shutting down loader executor.
[15:48:13] [main/INFO]: Environment: Environment[sessionHost=https://sessionserver.mojang.com, servicesHost=https://api.minecraftservices.com, profilesHost=https://api.mojang.com, name=PROD]
[15:48:16] [main/INFO]: Loaded 1470 recipes
[15:48:16] [main/INFO]: Loaded 1584 advancements
[15:48:17] [main/INFO]: Applied 0 biome modifications to 0 of 65 new biomes in 5.703 ms
[15:48:17] [Server thread/INFO]: Starting minecraft server version 1.21.11
[15:48:17] [Server thread/INFO]: Loading properties
[15:48:17] [Server thread/INFO]: Default game type: SURVIVAL
[15:48:17] [Server thread/INFO]: Generating keypair
[15:48:17] [Server thread/INFO]: Starting Minecraft server on *:25565
[15:48:17] [Server thread/WARN]: **** SERVER IS RUNNING IN OFFLINE/INSECURE MODE!
[15:48:17] [Server thread/WARN]: The server will make no attempt to authenticate usernames. Beware.
[15:48:17] [Server thread/WARN]: While this makes the game possible to play without internet access, it also opens up the ability for hackers to connect with any username they choose.
[15:48:17] [Server thread/WARN]: To change this, set "online-mode" to "true" in the server.properties file.
[15:48:17] [Server thread/INFO]: Preparing level "world"
[15:48:18] [Server thread/INFO]: Loading 0 persistent chunks...
[15:48:18] [Server thread/INFO]: Preparing spawn area: 100%
[15:48:18] [Server thread/INFO]: Time elapsed: 69 ms
[15:48:18] [Server thread/INFO]: Done (0.696s)! For help, type "help"
[15:48:18] [Server thread/INFO]: Took 53ms to boot Floodgate
[15:48:18] [Server thread/INFO]: ******************************************
[15:48:18] [Server thread/INFO]: 
[15:48:18] [Server thread/INFO]: Loading Geyser version 2.9.5-b1109 (git-master-f6b0c78)
[15:48:18] [Server thread/INFO]: 
[15:48:18] [Server thread/INFO]: ******************************************
[15:48:25] [GeyserServer-3-1/INFO]: Started Geyser on UDP port 19132
[15:48:25] [Server thread/INFO]: Done (7.123s)! Run /geyser help for help!
[15:48:25] [Server thread/WARN]: Can't keep up! Is the server overloaded? Running 7410ms or 148 ticks behind
[15:48:35] [Server thread/INFO]: boidoxx[/127.185.62.43:60221] logged in with entity id 66 at (19.992969757174087, 73.22908010593515, -29.21612250781609)
[15:48:35] [Server thread/INFO]: boidoxx joined the game
[15:48:57] [GeyserServerChild-4-1/INFO]: Player connected with username Seiikiz (944)
[15:48:57] [localSession-7-1/INFO]: Seiikiz (logged in as: Seiikiz) has connected to the Java server
[15:48:57] [pool-6-thread-1/INFO]: Floodgate player who is logged in as .Seiikiz 00000000-0000-0000-0009-01f3036d6903 joined
[15:48:58] [Server thread/INFO]: .Seiikiz[/127.100.181.155:0] logged in with entity id 219 at (27.5, 64.0, -24.5)
[15:48:58] [Server thread/INFO]: Floodgate player logged in as .Seiikiz joined (UUID: 00000000-0000-0000-0009-01f3036d6903)
[15:48:58] [Server thread/INFO]: .Seiikiz joined the game
[15:49:28] [Server thread/INFO]: [boidoxx: Set own game mode to Survival Mode]
[15:49:31] [Server thread/INFO]: [Not Secure] <boidoxx> SALUDOS
[15:49:34] [Server thread/INFO]: [Not Secure] <boidoxx> PUEDES HABLAR?
[15:49:36] [Server thread/INFO]: [Not Secure] <.Seiikiz> HOLI
[15:49:40] [Server thread/INFO]: [Not Secure] <boidoxx> rompe un bloque
[15:49:45] [Server thread/INFO]: [Not Secure] <.Seiikiz> explota
[15:49:52] [Server thread/INFO]: boidoxx was killed
[15:49:52] [Server thread/INFO]: [boidoxx: Killed boidoxx]
[15:49:56] [Server thread/INFO]: [boidoxx: Set own game mode to Creative Mode]
[15:50:01] [Server thread/INFO]: [boidoxx: Set own game mode to Survival Mode]
[15:50:05] [Server thread/INFO]: [Not Secure] <boidoxx> OK JOYA
[15:50:08] [Server thread/INFO]: [Not Secure] <boidoxx> LISTO
[15:50:15] [Server thread/INFO]: [boidoxx: Set own game mode to Creative Mode]
[15:50:21] [Server thread/INFO]: [Not Secure] <.Seiikiz> POR FIN
[15:50:31] [Server thread/INFO]: [Not Secure] <boidoxx> MI FAMILIA
[15:50:35] [Server thread/INFO]: [Not Secure] <boidoxx> NOOO SE MUEREN
[15:50:37] [Server thread/INFO]: [Not Secure] <boidoxx> MI FAMILIA NOOO
[15:50:38] [Server thread/INFO]: [Not Secure] <.Seiikiz> M CAGUE NO M LO ESPERABA
[15:50:48] [Server thread/INFO]: [Not Secure] <boidoxx> familia de albondigasa
[15:50:54] [Server thread/INFO]: [Not Secure] <.Seiikiz> me siento acosada aquí encerrada
[15:50:55] [Server thread/INFO]: [Not Secure] <boidoxx> AGUANTA TOMO FOTO
[15:51:36] [Server thread/INFO]: [Not Secure] <.Seiikiz> se te ve la olla eh
[15:51:39] [Server thread/INFO]: [Not Secure] <.Seiikiz> JAJAJAJA
[15:51:44] [Server thread/INFO]: [Not Secure] <boidoxx> cosas q pasan
[15:51:48] [Server thread/INFO]: [Not Secure] <boidoxx> OK LISTO PUEDSE SALIR
[15:51:53] [Server thread/INFO]: [Not Secure] <boidoxx> cuidado t cae un rayo
[15:52:01] [Server thread/INFO]: [Not Secure] <.Seiikiz> ojalá
[15:52:14] [Server thread/INFO]: [Not Secure] <.Seiikiz> es gracioso pq t veo sin skin
[15:52:24] [Server thread/INFO]: [boidoxx: Summoned new Lightning Bolt]
[15:52:27] [Server thread/INFO]: [boidoxx: Summoned new Lightning Bolt]
[15:52:28] [Server thread/INFO]: [boidoxx: Summoned new Lightning Bolt]
[15:52:29] [Server thread/INFO]: [boidoxx: Summoned new Lightning Bolt]
[15:52:29] [Server thread/INFO]: [boidoxx: Summoned new Lightning Bolt]
[15:52:32] [Server thread/INFO]: [boidoxx: Summoned new Lightning Bolt]
[15:52:34] [Server thread/INFO]: boidoxx lost connection: Disconnected
[15:52:34] [Server thread/INFO]: boidoxx left the game
[15:53:00] [GeyserServerChild-4-1/INFO]: Seiikiz has disconnected from the Java server because of Bedrock client disconnected
[15:53:00] [Geyser Fabric connection thread-6-2/INFO]: Floodgate player logged in as .Seiikiz disconnected
[15:53:00] [Server thread/INFO]: .Seiikiz lost connection: Disconnected
[15:53:00] [Server thread/INFO]: .Seiikiz left the game
[15:54:00] [Server thread/INFO]: Server empty for 60 seconds, pausing
